python : Warning: You are sending unauthenticated requests to the HF Hub. Please set a HF_TOKEN to enable higher rate limits and faster 
downloads.
Au caractère Ligne:1 : 116
+ ... tivate.ps1; python test_hallucinations.py > test_output.txt 2>&1; Get ...
+                 ~~~~~~~~~~~~~~~~~~~~~~~~~~~~~~~~~~~~~~~~~~~~~~~~~~~~
    + CategoryInfo          : NotSpecified: (Warning: You ar...ster downloads.:String) [], RemoteException
    + FullyQualifiedErrorId : NativeCommandError
 
🚀 Initialisation du moteur RAG...
🧠 Chargement et indexation du Code du Travail...
📑 41 sections juridiques détectées.
✂️ Document découpé en 412 chunks avec métadonnées.
✅ Moteur RAG initialisé avec succès !
✅ Moteur RAG prêt!


╔═══════════════════════════════════════════════════════════════════════════╗
║                   🧪 SUITE DE TESTS ANTI-HALLUCINATIONS                  ║
╚═══════════════════════════════════════════════════════════════════════════╝


================================================================================
❓ QUESTION: Quel est le taux de majoration pour les heures supplémentaires en Côte d'Ivoire?
================================================================================
🔍 Recherche pour : 'Quel est le taux de majoration pour les heures supplémentaires en Côte d'Ivoire?'
🤖 Appel à Mistral AI...
✅ Réponse reçue de Mistral.

📝 RÉPONSE CORRIGÉE :
En Côte d'Ivoire, les taux de majoration pour les heures supplémentaires sont fixés comme suit :

### **1. Selon l'Article 51 de la Convention Collective Interprofessionnelle du 19 juillet 1977** (applicable en priorité) :
- **15 %** pour les heures effectuées de la **41ᵉ à la 48ᵉ heure** ;
- **50 %** pour les heures effectuées **au-delà de la 48ᵉ heure** ;
- **75 %** pour les heures effectuées **de nuit** ;
- **75 %** pour les heures effectuées **de jour les dimanches et jours fériés** ;
- **100 %** pour les heures effectuées **de nuit les dimanches et jours fériés**.

### **2. Selon l'Article 24 du Décret n° 96-203 du 7 mars 1996** (à défaut de convention collective) :
- **15 %** pour les heures effectuées de la **41ᵉ à la 46ᵉ heure** ;
- **50 %** pour les heures effectuées **au-delà de la 46ᵉ heure** ;
- **75 %** pour les heures effectuées **de nuit** ;
- **75 %** pour les heures effectuées **de jour les dimanches et jours fériés** ;
- **100 %** pour les heures effectuées **de nuit les dimanches et jours fériés**.

**Remarque** : La Convention Collective Interprofessionnelle du 19 juillet 1977 prime sur le Décret n° 96-203 en cas de dispositions plus favorables.

🔍 VALEUR QUI VA ÊTRE RETOURNÉE : En Côte d'Ivoire, les taux de majoration pour les heures supplémentaires sont fixés comme suit :

##...

🎯 VALEUR EXACTE RETOURNÉE (100 premiers chars) : 'En Côte d'Ivoire, les taux de majoration pour les heures supplémentaires sont fixés comme suit :

##'
🎯 CONTIENT 'Décret n° 96-203' ? True
🎯 CONTIENT 'Loi n° 2015-532' ? False


✅ RÉPONSE REÇUE:
En Côte d'Ivoire, les taux de majoration pour les heures supplémentaires sont fixés comme suit :

### **1. Selon l'Article 51 de la Convention Collective Interprofessionnelle du 19 juillet 1977** (applicable en priorité) :
- **15 %** pour les heures effectuées de la **41ᵉ à la 48ᵉ heure** ;
- **50 %** pour les heures effectuées **au-delà de la 48ᵉ heure** ;
- **75 %** pour les heures effectuées **de nuit** ;
- **75 %** pour les heures effectuées **de jour les dimanches et jours fériés** ;
- **100 %** pour les heures effectuées **de nuit les dimanches et jours fériés**.

### **2. Selon l'Article 24 du Décret n° 96-203 du 7 mars 1996** (à défaut de convention collective) :
- **15 %** pour les heures effectuées de la **41ᵉ à la 46ᵉ heure** ;
- **50 %** pour les heures effectuées **au-delà de la 46ᵉ heure** ;
- **75 %** pour les heures effectuées **de nuit** ;
- **75 %** pour les heures effectuées **de jour les dimanches et jours fériés** ;
- **100 %** pour les heures effectuées **de nuit les dimanches et jours fériés**.

**Remarque** : La Convention Collective Interprofessionnelle du 19 juillet 1977 prime sur le Décret n° 96-203 en cas de dispositions plus favorables.

📚 SOURCES UTILISÉES:
  1. Convention Collective Interprofessionnelle du 19 juillet 1977
     Snippet: ## MAJORATION POUR HEURES SUPPLEMENTAIRES  Les heures accomplies au-delà de la durée légale du trava...
  2. Décret n° 96-203 du 7 mars 1996
     Snippet: ## ARTICLE 24  La durée journalière de travail pourra, à titre temporaire, être prolongée au-delà de...
  3. Convention Collective Interprofessionnelle du 19 juillet 1977
     Snippet: Les travailleurs recrutés hors du territoire de la République de Côte d'Ivoire, munis d'un contrat d...
  4. Convention Collective Interprofessionnelle du 19 juillet 1977
     Snippet: ## DUREE DU CONGE  La durée du congé payé à la charge de l'employeur est déterminée, à raison de 2,2...
  5. Décret n° 96-203 du 7 mars 1996
     Snippet: ## ARTICLE 33  L'introduction de l'horaire individualisé ne doit pas avoir pour conséquence de modif...
  ✅ Trouvé : 'Décret n° 96-203'
  ✅ Trouvé : 'Article 24'
  ✅ Absent (bon) : 'Loi n° 2015-532'
  ✅ Absent (bon) : 'hallucination'
  ✅ Absent (bon) : '70%'
  ✅ Citation présente

================================================================================
❓ QUESTION: Quelles sont les dispositions relatives à la saisie et cession de salaire?
================================================================================
🔍 Recherche pour : 'Quelles sont les dispositions relatives à la saisie et cession de salaire?'
🤖 Appel à Mistral AI...
✅ Réponse reçue de Mistral.

📝 RÉPONSE CORRIGÉE :
Voici les dispositions légales relatives à la **saisie** et **cession de salaire** en droit du travail ivoirien, basées sur le contexte fourni :

---

### **1. Quotité saisissable du salaire**
**Article 3 du Décret n° 2014-370 du 18 juin 2014** :
- La quotité saisissable maximale est fixée à **33%** de l’assiette définie à l’**Article 2** du même décret.
- **Assiette de calcul** :
  Le salaire brut mensuel (y compris accessoires), **déduction faite** :
  - des taxes, impôts et prélèvements obligatoires retenus à la source ;
  - des indemnités représentatives de frais ;
  - des prestations, majorations et suppléments pour charge de famille ;
  - des indemnités déclarées insaisissables par les textes en vigueur.

---

### **2. Quotité cessible du salaire (cession ou prêt)**
**Article 4 du Décret n° 2014-370 du 18 juin 2014** :
Les taux de cession varient selon le montant du salaire brut mensuel (tranches non cumulables) :
- **Jusqu’à 200 000 FCFA** : 35%
- **200 001 à 400 000 FCFA** : 38%
- **400 001 à 600 000 FCFA** : 42%
- **600 001 à 800 000 FCFA** : 45%
- **800 001 à 1 000 000 FCFA** : 48%
- **1 000 001 à 1 500 000 FCFA** : 52%
- **1 500 001 à 2 000 000 FCFA** : 55%
- **Au-delà de 2 000 000 FCFA** : 57%.

---

### **3. Protection des créances salariales**
**Article 33.3 de la Loi n° 2015-532 du 20 juillet 2015** :
Les créances salariales (salaires, primes, indemnités de préavis, indemnités de licenciement, etc.) **priment toutes les autres créances privilégiées**, y compris celles du Trésor public.

**Article 33.4 de la même loi** :
- En cas de **redressement judiciaire ou liquidation des biens**, les salaires des **60 derniers jours de travail** doivent être payés dans les **10 jours suivant le jugement**, jusqu’à un plafond mensuel identique pour tous les travailleurs.
- Les créances salariales sont privilégiées sur les **meubles et immeubles du débiteur** pour les **12 derniers mois de travail** (ou l’année suivant l’acquisition des droits pour les congés payés).

---

### **4. Prescription des actions en paiement**
**Article 33.5 de la Loi n° 2015-532 du 20 juillet 2015** :
- L’action en paiement du salaire et de ses accessoires se **prescrit par 2 ans**.
- Le délai commence à courir à la date à laquelle les salaires sont dus.

---

### **5. Bulletin de salaire et mentions obligatoires**
**Convention Collective Interprofessionnelle du 19 juillet 1977** :
- L’employeur doit remettre un **bulletin de salaire** mentionnant notamment :
  - Les **retenues** (y compris saisies/cessions) ;
  - Le **salaire net à percevoir** après déductions.
- En l’absence de bulletin, les réclamations du salarié se prescrivent par **2 ans**.

---

### **Résumé des limites légales**
| Type d’opération | Taux maximal | Base légale |
|------------------|-------------|-------------|
| **Saisie** | 33% du salaire net (après déductions) | Art. 3 du Décret n° 2014-370 |
| **Cession/Prêt** | 35% à 57% (selon tranche de salaire) | Art. 4 du Décret n° 2014-370 |
| **Privilège salarial** | Priorité sur toutes créances | Art. 33.3 de la Loi n° 2015-532 |

🔍 VALEUR QUI VA ÊTRE RETOURNÉE : Voici les dispositions légales relatives à la **saisie** et **cession de salaire** en droit du trava...

🎯 VALEUR EXACTE RETOURNÉE (100 premiers chars) : 'Voici les dispositions légales relatives à la **saisie** et **cession de salaire** en droit du trava'
🎯 CONTIENT 'Décret n° 96-203' ? False
🎯 CONTIENT 'Loi n° 2015-532' ? False


✅ RÉPONSE REÇUE:
Voici les dispositions légales relatives à la **saisie** et **cession de salaire** en droit du travail ivoirien, basées sur le contexte fourni :

---

### **1. Quotité saisissable du salaire**
**Article 3 du Décret n° 2014-370 du 18 juin 2014** :
- La quotité saisissable maximale est fixée à **33%** de l’assiette définie à l’**Article 2** du même décret.
- **Assiette de calcul** :
  Le salaire brut mensuel (y compris accessoires), **déduction faite** :
  - des taxes, impôts et prélèvements obligatoires retenus à la source ;
  - des indemnités représentatives de frais ;
  - des prestations, majorations et suppléments pour charge de famille ;
  - des indemnités déclarées insaisissables par les textes en vigueur.

---

### **2. Quotité cessible du salaire (cession ou prêt)**
**Article 4 du Décret n° 2014-370 du 18 juin 2014** :
Les taux de cession varient selon le montant du salaire brut mensuel (tranches non cumulables) :
- **Jusqu’à 200 000 FCFA** : 35%
- **200 001 à 400 000 FCFA** : 38%
- **400 001 à 600 000 FCFA** : 42%
- **600 001 à 800 000 FCFA** : 45%
- **800 001 à 1 000 000 FCFA** : 48%
- **1 000 001 à 1 500 000 FCFA** : 52%
- **1 500 001 à 2 000 000 FCFA** : 55%
- **Au-delà de 2 000 000 FCFA** : 57%.

---

### **3. Protection des créances salariales**
**Article 33.3 de la Loi n° 2015-532 du 20 juillet 2015** :
Les créances salariales (salaires, primes, indemnités de préavis, indemnités de licenciement, etc.) **priment toutes les autres créances privilégiées**, y compris celles du Trésor public.

**Article 33.4 de la même loi** :
- En cas de **redressement judiciaire ou liquidation des biens**, les salaires des **60 derniers jours de travail** doivent être payés dans les **10 jours suivant le jugement**, jusqu’à un plafond mensuel identique pour tous les travailleurs.
- Les créances salariales sont privilégiées sur les **meubles et immeubles du débiteur** pour les **12 derniers mois de travail** (ou l’année suivant l’acquisition des droits pour les congés payés).

---

### **4. Prescription des actions en paiement**
**Article 33.5 de la Loi n° 2015-532 du 20 juillet 2015** :
- L’action en paiement du salaire et de ses accessoires se **prescrit par 2 ans**.
- Le délai commence à courir à la date à laquelle les salaires sont dus.

---

### **5. Bulletin de salaire et mentions obligatoires**
**Convention Collective Interprofessionnelle du 19 juillet 1977** :
- L’employeur doit remettre un **bulletin de salaire** mentionnant notamment :
  - Les **retenues** (y compris saisies/cessions) ;
  - Le **salaire net à percevoir** après déductions.
- En l’absence de bulletin, les réclamations du salarié se prescrivent par **2 ans**.

---

### **Résumé des limites légales**
| Type d’opération | Taux maximal | Base légale |
|------------------|-------------|-------------|
| **Saisie** | 33% du salaire net (après déductions) | Art. 3 du Décret n° 2014-370 |
| **Cession/Prêt** | 35% à 57% (selon tranche de salaire) | Art. 4 du Décret n° 2014-370 |
| **Privilège salarial** | Priorité sur toutes créances | Art. 33.3 de la Loi n° 2015-532 |

📚 SOURCES UTILISÉES:
  1. Convention Collective Interprofessionnelle du 19 juillet 1977
     Snippet: ## DISPOSITIONS GENERALES  A conditions égales de travail, de qualification professionnelle et de re...
  2. Loi n° 2015-532 du 20 juillet 2015
     Snippet: ## Art. 32.7  En cas de résiliation ou de rupture de contrat, le salaire et les indemnités doivent ê...
  3. Convention Collective Interprofessionnelle du 19 juillet 1977
     Snippet: ## PAIEMENT DU SALAIRE  Les salaires sont payés conformément aux prescriptions légales et réglementa...
  4. Loi n° 2015-532 du 20 juillet 2015
     Snippet: ## Art. 33.2  La créance de salaire est privilégiée sur les meubles et immeubles du débiteur pour le...
  5. Décret n° 2014-370 du 18 juin 2014
     Snippet: # DECRET N° 2014-370 DU 18 JUIN 2014 RELATIF AU REGIME DE LA QUOTITE CESSIBLE ET DE LA QUOTITE SAISI...
  ✅ Trouvé : 'Décret n° 2014-370'
  ⚠️ HALLUCINATION DÉTECTÉE : 'Loi n° 2015-532'
  ✅ Absent (bon) : '90% du salaire'
  ✅ Citation présente

================================================================================
❓ QUESTION: Quel est le délai de préavis pour la résiliation du contrat de travail?
================================================================================
🔍 Recherche pour : 'Quel est le délai de préavis pour la résiliation du contrat de travail?'
🤖 Appel à Mistral AI...
✅ Réponse reçue de Mistral.

📝 RÉPONSE CORRIGÉE :
Le délai de préavis pour la résiliation du contrat de travail en Côte d'Ivoire est fixé par la **Convention Collective Interprofessionnelle du 19 juillet 1977**, en fonction de l'ancienneté et de la catégorie professionnelle du travailleur. Voici les dispositions exactes :

### **1. Ouvriers payés à l'heure ou à la journée**
- **Jusqu'à 6 mois d'ancienneté** : **8 jours** de préavis.
- **De 6 mois à 1 an** : **15 jours** de préavis.
- **De 1 an à 6 ans** : **1 mois** de préavis.
- **De 6 ans à 11 ans** : **2 mois** de préavis.
- **De 11 ans à 16 ans** : **3 mois** de préavis.
- **Au-delà de 16 ans** : **4 mois** de préavis.

### **2. Travailleurs payés au mois (catégories 1 à 5)**
- **Jusqu'à 6 ans d'ancienneté** : **1 mois** de préavis.
- **De 6 ans à 11 ans** : **2 mois** de préavis.
- **De 11 ans à 16 ans** : **3 mois** de préavis.
- **Au-delà de 16 ans** : **4 mois** de préavis.

### **3. Travailleurs classés en 6ᵉ catégorie et au-delà**
- **Jusqu'à 16 ans d'ancienneté** : **3 mois** de préavis.
- **Au-delà de 16 ans** : **4 mois** de préavis.

### **4. Travailleurs en situation d'incapacité permanente (> 40%)**
- **Après 6 mois d'ancienneté** : **2 fois le délai normal de préavis** (ex. : si le préavis normal est de 1 mois, il passe à 2 mois).

### **Cas particuliers**
- **Faute lourde** : **Aucun préavis** n'est requis (art. 18.7 de la Loi n° 2015-532, mais la Convention Collective Interprofessionnelle du 19 juillet 1977 le confirme).
- **Absence pour recherche d'emploi** : Le travailleur a droit à **3 heures par jour ou 2 jours par semaine** (payés) pendant le préavis (Convention Collective Interprofessionnelle du 19 juillet 1977).

### **Source légale**
- **Convention Collective Interprofessionnelle du 19 juillet 1977** (tableau des préavis et articles relatifs à la rupture du contrat).

🔍 VALEUR QUI VA ÊTRE RETOURNÉE : Le délai de préavis pour la résiliation du contrat de travail en Côte d'Ivoire est fixé par la **Con...

🎯 VALEUR EXACTE RETOURNÉE (100 premiers chars) : 'Le délai de préavis pour la résiliation du contrat de travail en Côte d'Ivoire est fixé par la **Con'
🎯 CONTIENT 'Décret n° 96-203' ? False
🎯 CONTIENT 'Loi n° 2015-532' ? False


✅ RÉPONSE REÇUE:
Le délai de préavis pour la résiliation du contrat de travail en Côte d'Ivoire est fixé par la **Convention Collective Interprofessionnelle du 19 juillet 1977**, en fonction de l'ancienneté et de la catégorie professionnelle du travailleur. Voici les dispositions exactes :

### **1. Ouvriers payés à l'heure ou à la journée**
- **Jusqu'à 6 mois d'ancienneté** : **8 jours** de préavis.
- **De 6 mois à 1 an** : **15 jours** de préavis.
- **De 1 an à 6 ans** : **1 mois** de préavis.
- **De 6 ans à 11 ans** : **2 mois** de préavis.
- **De 11 ans à 16 ans** : **3 mois** de préavis.
- **Au-delà de 16 ans** : **4 mois** de préavis.

### **2. Travailleurs payés au mois (catégories 1 à 5)**
- **Jusqu'à 6 ans d'ancienneté** : **1 mois** de préavis.
- **De 6 ans à 11 ans** : **2 mois** de préavis.
- **De 11 ans à 16 ans** : **3 mois** de préavis.
- **Au-delà de 16 ans** : **4 mois** de préavis.

### **3. Travailleurs classés en 6ᵉ catégorie et au-delà**
- **Jusqu'à 16 ans d'ancienneté** : **3 mois** de préavis.
- **Au-delà de 16 ans** : **4 mois** de préavis.

### **4. Travailleurs en situation d'incapacité permanente (> 40%)**
- **Après 6 mois d'ancienneté** : **2 fois le délai normal de préavis** (ex. : si le préavis normal est de 1 mois, il passe à 2 mois).

### **Cas particuliers**
- **Faute lourde** : **Aucun préavis** n'est requis (art. 18.7 de la Loi n° 2015-532, mais la Convention Collective Interprofessionnelle du 19 juillet 1977 le confirme).
- **Absence pour recherche d'emploi** : Le travailleur a droit à **3 heures par jour ou 2 jours par semaine** (payés) pendant le préavis (Convention Collective Interprofessionnelle du 19 juillet 1977).

### **Source légale**
- **Convention Collective Interprofessionnelle du 19 juillet 1977** (tableau des préavis et articles relatifs à la rupture du contrat).

📚 SOURCES UTILISÉES:
  1. Convention Collective Interprofessionnelle du 19 juillet 1977
     Snippet: ## PREAVIS  En cas de rupture du contrat de travail, sauf en cas de faute lourde ou de conventions i...
  2. Convention Collective Interprofessionnelle du 19 juillet 1977
     Snippet: ## III- RUPTURE DU CONTRAT DE TRAVAIL  La partie qui prend l'initiative de la rupture doit notifier ...
  3. Convention Collective Interprofessionnelle du 19 juillet 1977
     Snippet: Les dispositions antérieures lorsqu'elles sont plus favorables au travailleur restent acquises.  Dur...
  4. Loi n° 2015-532 du 20 juillet 2015
     Snippet: ## Art. 18.4  Dans les cas prévus à l'article 18.3 alinéa 1 ci-dessus, la résiliation du contrat de ...
  5. Loi n° 2015-532 du 20 juillet 2015
     Snippet: ## Art. 18.6  Pendant la durée du délai de préavis, l'employeur et le travailleur sont tenus au resp...
  ❌ MANQUANT : 'Décret'
  ✅ Trouvé : 'jour'
  ✅ Absent (bon) : '12 mois'
  ⚠️ HALLUCINATION DÉTECTÉE : '6 mois'
  ✅ Absent (bon) : 'sans préavis'
  ✅ Citation présente

================================================================================
❓ QUESTION: Combien de jours de congés payés par an un travailleur a-t-il droit?
================================================================================
🔍 Recherche pour : 'Combien de jours de congés payés par an un travailleur a-t-il droit?'
🤖 Appel à Mistral AI...
✅ Réponse reçue de Mistral.

📝 RÉPONSE CORRIGÉE :
En Côte d'Ivoire, la durée des congés payés pour un travailleur est déterminée comme suit :

1. **Base légale** :
   - **Article 25.1 de la Loi n° 2015-532 du 20 juillet 2015** :
     *"Sauf disposition plus favorable des conventions collectives ou du contrat individuel, le travailleur acquiert droit au congé payé, à la charge de l'employeur, à raison de **2,2 jours ouvrables par mois de service effectif**."*
     Cela équivaut à **26,4 jours ouvrables par an** (2,2 × 12 mois), arrondi généralement à **27 jours** (selon l'**Article 5 du Décret n° 98-39 du 28 janvier 1998**, qui prévoit un arrondi au nombre entier supérieur).

2. **Majorations selon l'ancienneté** (Loi n° 2015-532, Art. 25.2 et Convention Collective Interprofessionnelle du 19 juillet 1977) :
   - **+1 jour** après **5 ans** d'ancienneté.
   - **+2 jours** après **10 ans**.
   - **+3 jours** après **15 ans**.
   - **+5 jours** après **20 ans**.
   - **+7 jours** après **25 ans**.
   - **+8 jours** après **30 ans**.

3. **Cas particuliers** :
   - **Femmes salariées** :
     - **+2 jours par enfant à charge** (si < 21 ans au dernier jour de la période de référence).
     - **+2 jours par enfant à charge à partir du 4ᵉ enfant** (si ≥ 21 ans).
   - **Titulaires de la Médaille d'Honneur du Travail** : **+1 jour supplémentaire**.
   - **Travailleurs logés en garde 24h/24** : **+2 semaines supplémentaires** (soit **14 jours**).
   - **Expatriés** (Convention Collective Interprofessionnelle) :
     - **5 jours calendaires/mois** (1ᵉʳ séjour).
     - **6 jours calendaires/mois** (à partir du 2ᵉ séjour).
   - **Travailleurs avec horaire ≥ 50h/semaine** : **+1 jour supplémentaire après 5 ans de service**.

### Exemple de calcul pour un travailleur sans majoration :
- **2,2 jours × 12 mois = 26,4 jours** → **27 jours ouvrables** (arrondi).

Pour une réponse précise, précisez l'ancienneté, la situation familiale ou le statut (expatrié, garde 24h, etc.).

🔍 VALEUR QUI VA ÊTRE RETOURNÉE : En Côte d'Ivoire, la durée des congés payés pour un travailleur est déterminée comme suit :

1. **Ba...

🎯 VALEUR EXACTE RETOURNÉE (100 premiers chars) : 'En Côte d'Ivoire, la durée des congés payés pour un travailleur est déterminée comme suit :

1. **Ba'
🎯 CONTIENT 'Décret n° 96-203' ? False
🎯 CONTIENT 'Loi n° 2015-532' ? False


✅ RÉPONSE REÇUE:
En Côte d'Ivoire, la durée des congés payés pour un travailleur est déterminée comme suit :

1. **Base légale** :
   - **Article 25.1 de la Loi n° 2015-532 du 20 juillet 2015** :
     *"Sauf disposition plus favorable des conventions collectives ou du contrat individuel, le travailleur acquiert droit au congé payé, à la charge de l'employeur, à raison de **2,2 jours ouvrables par mois de service effectif**."*
     Cela équivaut à **26,4 jours ouvrables par an** (2,2 × 12 mois), arrondi généralement à **27 jours** (selon l'**Article 5 du Décret n° 98-39 du 28 janvier 1998**, qui prévoit un arrondi au nombre entier supérieur).

2. **Majorations selon l'ancienneté** (Loi n° 2015-532, Art. 25.2 et Convention Collective Interprofessionnelle du 19 juillet 1977) :
   - **+1 jour** après **5 ans** d'ancienneté.
   - **+2 jours** après **10 ans**.
   - **+3 jours** après **15 ans**.
   - **+5 jours** après **20 ans**.
   - **+7 jours** après **25 ans**.
   - **+8 jours** après **30 ans**.

3. **Cas particuliers** :
   - **Femmes salariées** :
     - **+2 jours par enfant à charge** (si < 21 ans au dernier jour de la période de référence).
     - **+2 jours par enfant à charge à partir du 4ᵉ enfant** (si ≥ 21 ans).
   - **Titulaires de la Médaille d'Honneur du Travail** : **+1 jour supplémentaire**.
   - **Travailleurs logés en garde 24h/24** : **+2 semaines supplémentaires** (soit **14 jours**).
   - **Expatriés** (Convention Collective Interprofessionnelle) :
     - **5 jours calendaires/mois** (1ᵉʳ séjour).
     - **6 jours calendaires/mois** (à partir du 2ᵉ séjour).
   - **Travailleurs avec horaire ≥ 50h/semaine** : **+1 jour supplémentaire après 5 ans de service**.

### Exemple de calcul pour un travailleur sans majoration :
- **2,2 jours × 12 mois = 26,4 jours** → **27 jours ouvrables** (arrondi).

Pour une réponse précise, précisez l'ancienneté, la situation familiale ou le statut (expatrié, garde 24h, etc.).

📚 SOURCES UTILISÉES:
  1. Loi n° 2015-532 du 20 juillet 2015
     Snippet: ## SECTION 1  ## CONGES PAYES  ## Art. 25.1  Sauf disposition plus favorable des conventions collect...
  2. Convention Collective Interprofessionnelle du 19 juillet 1977
     Snippet: ## DUREE DU CONGE  La durée du congé payé à la charge de l'employeur est déterminée, à raison de 2,2...
  3. Décret n° 98-39 du 28 janvier 1998
     Snippet: ## ARTICLE 4  Acquiert droit au congé tout travailleur qui, au début de la période du congé annuel, ...
  4. Convention Collective Interprofessionnelle du 19 juillet 1977
     Snippet: Les travailleurs recrutés hors du territoire de la République de Côte d'Ivoire, munis d'un contrat d...
  5. Décret n° 98-39 du 28 janvier 1998
     Snippet: # DECRET N° 98-39 DU 28 JANVIER 1998 RELATIF AU REGIME DES CONGES PAYES RELEVANT DU CODE DU TRAVAIL ...
  ✅ Trouvé : 'jour'
  ✅ Trouvé : 'Convention'
  ✅ Absent (bon) : 'Loi duinventé'
  ✅ Citation présente
Traceback (most recent call last):
  File "C:\Users\PC\Documents\Dev\Vibe Coding\CodeTravail\test_hallucinations.py", line 176, in <module>
    ] if "Aucune" in llm.invoke([("system", "test"), ("human", "test")]).content or "Non trouvé" in llm.invoke([("system", "test"), 
("human", "test")]).content else [
                     ~~~~~~~~~~^^^^^^^^^^^^^^^^^^^^^^^^^^^^^^^^^^^^^^^^^
  File "C:\Users\PC\Documents\Dev\Vibe Coding\CodeTravail\env\Lib\site-packages\langchain_core\language_models\chat_models.py", line 
476, in invoke
    self.generate_prompt(
    ~~~~~~~~~~~~~~~~~~~~^
        [self._convert_input(input)],
        ^^^^^^^^^^^^^^^^^^^^^^^^^^^^^
    ...<6 lines>...
        **kwargs,
        ^^^^^^^^^
    ).generations[0][0],
    ^
  File "C:\Users\PC\Documents\Dev\Vibe Coding\CodeTravail\env\Lib\site-packages\langchain_core\language_models\chat_models.py", line 
1849, in generate_prompt
    return self.generate(prompt_messages, stop=stop, callbacks=callbacks, **kwargs)
           ~~~~~~~~~~~~~^^^^^^^^^^^^^^^^^^^^^^^^^^^^^^^^^^^^^^^^^^^^^^^^^^^^^^^^^^^
  File "C:\Users\PC\Documents\Dev\Vibe Coding\CodeTravail\env\Lib\site-packages\langchain_core\language_models\chat_models.py", line 
1656, in generate
    self._generate_with_cache(
    ~~~~~~~~~~~~~~~~~~~~~~~~~^
        m,
        ^^
    ...<2 lines>...
        **kwargs,
        ^^^^^^^^^
    )
    ^
  File "C:\Users\PC\Documents\Dev\Vibe Coding\CodeTravail\env\Lib\site-packages\langchain_core\language_models\chat_models.py", line 
1994, in _generate_with_cache
    result = self._generate(
        messages, stop=stop, run_manager=run_manager, **kwargs
    )
  File "C:\Users\PC\Documents\Dev\Vibe Coding\CodeTravail\env\Lib\site-packages\langchain_mistralai\chat_models.py", line 718, in 
_generate
    response = self.completion_with_retry(
        messages=message_dicts, run_manager=run_manager, **params
    )
  File "C:\Users\PC\Documents\Dev\Vibe Coding\CodeTravail\env\Lib\site-packages\langchain_mistralai\chat_models.py", line 639, in 
completion_with_retry
    return _completion_with_retry(**kwargs)
  File "C:\Users\PC\Documents\Dev\Vibe Coding\CodeTravail\env\Lib\site-packages\tenacity\__init__.py", line 331, in wrapped_f
    return copy(f, *args, **kw)
  File "C:\Users\PC\Documents\Dev\Vibe Coding\CodeTravail\env\Lib\site-packages\tenacity\__init__.py", line 470, in __call__
    do = self.iter(retry_state=retry_state)
  File "C:\Users\PC\Documents\Dev\Vibe Coding\CodeTravail\env\Lib\site-packages\tenacity\__init__.py", line 371, in iter
    result = action(retry_state)
  File "C:\Users\PC\Documents\Dev\Vibe Coding\CodeTravail\env\Lib\site-packages\tenacity\__init__.py", line 393, in <lambda>
    self._add_action_func(lambda rs: rs.outcome.result())
                                     ~~~~~~~~~~~~~~~~~^^
  File "C:\Program Files\Python313\Lib\concurrent\futures\_base.py", line 449, in result
    return self.__get_result()
           ~~~~~~~~~~~~~~~~~^^
  File "C:\Program Files\Python313\Lib\concurrent\futures\_base.py", line 401, in __get_result
    raise self._exception
  File "C:\Users\PC\Documents\Dev\Vibe Coding\CodeTravail\env\Lib\site-packages\tenacity\__init__.py", line 473, in __call__
    result = fn(*args, **kwargs)
  File "C:\Users\PC\Documents\Dev\Vibe Coding\CodeTravail\env\Lib\site-packages\langchain_mistralai\chat_models.py", line 636, in 
_completion_with_retry
    _raise_on_error(response)
    ~~~~~~~~~~~~~~~^^^^^^^^^^
  File "C:\Users\PC\Documents\Dev\Vibe Coding\CodeTravail\env\Lib\site-packages\langchain_mistralai\chat_models.py", line 190, in 
_raise_on_error
    raise httpx.HTTPStatusError(
    ...<3 lines>...
    )
httpx.HTTPStatusError: Error response 429 while fetching https://api.mistral.ai/v1/chat/completions: {"object":"error","message":"Rate 
limit exceeded","type":"rate_limited","param":null,"code":"1300","raw_status_code":429}
